Copyright 1986-2018 Xilinx, Inc. All Rights Reserved.
----------------------------------------------------------------------------------------
| Tool Version : Vivado v.2018.2 (win64) Build 2258646 Thu Jun 14 20:03:12 MDT 2018
| Date         : Thu Apr  4 21:33:43 2024
| Host         : LAPTOP-O0D571VU running 64-bit major release  (build 9200)
| Command      : report_control_sets -verbose -file display_top_control_sets_placed.rpt
| Design       : display_top
| Device       : xc7a35t
----------------------------------------------------------------------------------------

Control Set Information

Table of Contents
-----------------
1. Summary
2. Histogram
3. Flip-Flop Distribution
4. Detailed Control Set Information

1. Summary
----------

+----------------------------------------------------------+-------+
|                          Status                          | Count |
+----------------------------------------------------------+-------+
| Number of unique control sets                            |    31 |
| Unused register locations in slices containing registers |   104 |
+----------------------------------------------------------+-------+


2. Histogram
------------

+--------+--------------+
| Fanout | Control Sets |
+--------+--------------+
|      4 |            2 |
|      8 |            1 |
|     10 |            1 |
|     12 |            1 |
|    16+ |           26 |
+--------+--------------+


3. Flip-Flop Distribution
-------------------------

+--------------+-----------------------+------------------------+-----------------+--------------+
| Clock Enable | Synchronous Set/Reset | Asynchronous Set/Reset | Total Registers | Total Slices |
+--------------+-----------------------+------------------------+-----------------+--------------+
| No           | No                    | No                     |             126 |           29 |
| No           | No                    | Yes                    |             688 |          114 |
| No           | Yes                   | No                     |               0 |            0 |
| Yes          | No                    | No                     |               0 |            0 |
| Yes          | No                    | Yes                    |             586 |          127 |
| Yes          | Yes                   | No                     |              24 |           10 |
+--------------+-----------------------+------------------------+-----------------+--------------+


4. Detailed Control Set Information
-----------------------------------

+-------------------------+-------------------------------------------+----------------------------------------+------------------+----------------+
|       Clock Signal      |               Enable Signal               |            Set/Reset Signal            | Slice Load Count | Bel Load Count |
+-------------------------+-------------------------------------------+----------------------------------------+------------------+----------------+
|  clk_IBUF_BUFG          | yoshi_unit/extra_up_next                  | game_FSM/AR[1]                         |                2 |              4 |
|  clk_IBUF_BUFG          | yoshi_unit/walk_t_next                    | game_FSM/dir_reg_reg_0[0]              |                1 |              4 |
|  ghost_bottom_unit/tick |                                           | game_FSM/AR[0]                         |                2 |              8 |
|  clk_IBUF_BUFG          |                                           | game_FSM/AR[0]                         |                2 |             10 |
|  ghost_bottom_unit/tick |                                           | game_FSM/dir_reg_reg_0[0]              |                3 |             12 |
|  clk_IBUF_BUFG          |                                           | game_FSM/dir_reg_reg_0[0]              |                7 |             16 |
|  ghost_bottom_unit/tick | yoshi_unit/s_y_next_reg[9]_2[0]           | game_FSM/dir_reg_reg_0[0]              |                3 |             20 |
|  ghost_top_unit/tick    |                                           | game_FSM/AR[0]                         |                4 |             20 |
|  ghost_top_unit/tick    | yoshi_unit/E[0]                           | game_FSM/AR[0]                         |                3 |             20 |
|  clk_IBUF_BUFG          | yoshi_unit/s_x_next                       | game_FSM/dir_reg_reg_0[0]              |                3 |             20 |
|  clk_IBUF_BUFG          | yoshi_unit/s_y_next                       | game_FSM/dir_reg_reg_0[0]              |                3 |             20 |
|  clk_IBUF_BUFG          |                                           | hard_reset_IBUF                        |                8 |             22 |
|  clk_IBUF_BUFG          | vsync_unit/rgb_reg_reg[0]_12              | vsync_unit/rgb_reg                     |               10 |             24 |
|  clk_IBUF_BUFG          | game_FSM/E[0]                             | game_FSM/reset                         |                9 |             26 |
|  clk_IBUF_BUFG          | yoshi_unit/start_next_y                   | game_FSM/dir_reg_reg_0[0]              |                6 |             30 |
|  clk_IBUF_BUFG          | vsync_unit/pixel_tick                     | hard_reset_IBUF                        |                8 |             34 |
|  clk_IBUF_BUFG          | yoshi_unit/x_start_next                   | game_FSM/AR[0]                         |               12 |             34 |
|  clk_IBUF_BUFG          | vsync_unit/v_count_reg0                   | hard_reset_IBUF                        |               12 |             36 |
|  ghost_crazy_unit/tick  |                                           | game_FSM/AR[0]                         |                7 |             40 |
|  clk_IBUF_BUFG          | yoshi_unit/jump_t_next                    | game_FSM/AR[0]                         |               11 |             40 |
|  clk_IBUF_BUFG          | yoshi_unit/x_time_next                    | game_FSM/AR[0]                         |               10 |             40 |
|  clk_IBUF_BUFG          | eggs_unit/FSM_sequential_state_reg_reg__0 | game_FSM/dir_reg_reg_0[0]              |                9 |             42 |
|  clk_IBUF_BUFG          | yoshi_unit/walk_t_next                    | game_FSM/AR[1]                         |                8 |             46 |
|  clk_IBUF_BUFG          | yoshi_unit/extra_up_next                  | game_FSM/dir_reg_reg_0[0]              |                9 |             48 |
|  clk_IBUF_BUFG          | game_FSM/timeout_next                     | hard_reset_IBUF                        |               11 |             56 |
|  clk_IBUF_BUFG          |                                           | game_FSM/AR[2]                         |               13 |             58 |
|  clk_IBUF_BUFG          | score_display_unit/bcd_unit/bcd_0_next    | game_FSM/reset                         |                7 |             66 |
|  clk_IBUF_BUFG          |                                           |                                        |               29 |            126 |
|  clk_IBUF_BUFG          |                                           | game_FSM/platform_select_reg_reg[1][0] |               25 |            138 |
|  clk_IBUF_BUFG          |                                           | game_FSM/AR[1]                         |               23 |            162 |
|  clk_IBUF_BUFG          |                                           | game_FSM/reset                         |               20 |            202 |
+-------------------------+-------------------------------------------+----------------------------------------+------------------+----------------+


